#!/bin/sh
sudo tee /usr/bin/dvc_run.sh << 'EOF'
#!/bin/sh
export AWS_SECRET_ACCESS_KEY='0 value with "quotes" and spaces'
export AWS_ACCESS_KEY_ID='1 value with "quotes" and spaces'
export AWS_SESSION_TOKEN='2 value with "quotes" and spaces'

pip install virtualenv;
pip install dvc==13 value with "quotes" and spaces;
git clone 14 value with "quotes" and spaces repo;
cd repo;
virtualenv -p python .env;
source .env/bin/activate;
pip install -r requirements.txt;
dvc exp run;
EOF
sudo chmod +x /usr/bin/dvc_run.sh

sudo bash -c 'cat << EOF > /etc/systemd/system/dvc-run.service
[Unit]
  After=default.target

[Service]
  Type=simple
  ExecStart=/usr/bin/dvc_run.sh

[Install]
  WantedBy=default.target
EOF'
sudo systemctl daemon-reload
sudo systemctl enable dvc-run.service --now
