#!/bin/bash
export KUBERNETES_CONFIGURATION='8 value with "quotes" and spaces'

pip3 install -U pip > /dev/null 2>&1;
pip install virtualenv > /dev/null 2>&1;
pip install dvc==13 value with "quotes" and spaces > /dev/null 2>&1;
git clone 14 value with "quotes" and spaces repo > /dev/null 2>&1;
cd repo;
virtualenv -p python3 .env > /dev/null 2>&1;
source .env/bin/activate > /dev/null 2>&1;
pip install -r src/requirements.txt;
dvc pull;
dvc exp run;
